subword:##ff	1	1	1.0
subword:##pp	1	1	1.0
subword:py	4	33	8.25
subword:ez	21	95	4.523809523809524
subword:uz	41	111	2.707317073170732
subword:##pt	2	16	8.0
subword:##py	2	6	3.0
subword:##ch	374	997	2.665775401069519
subword:ch	436	1490	3.4174311926605503
subword:##tf	1	2	2.0
subword:##lb	41	60	1.4634146341463414
subword:ab	5	8	1.6
subword:##by	4	6	1.5
subword:abr	3	6	2.0
subword:av	63	169	2.6825396825396823
subword:avch	15	68	4.533333333333333
subword:avb	1	1	1.0
subword:am	47	112	2.382978723404255
subword:alb	4	4	1.0
subword:alby	1	1	1.0
subword:albyg	1	1	1.0
subword:uzm	1	17	17.0
subword:##ko	2	17	8.5
subword:##kov	2	17	8.5
subword:##kovy	1	5	5.0
subword:##kovyn	1	5	5.0
subword:##pti	2	16	8.0
subword:##ptis	2	16	8.0
subword:##ptism	2	16	8.0
subword:##ptismy	1	3	3.0
subword:##ptismyg	1	3	3.0
subword:##ipp	1	1	1.0
subword:##lipp	1	1	1.0
subword:##ilipp	1	1	1.0
subword:filipp	1	1	1.0
subword:filippi	1	1	1.0
subword:filippii	1	1	1.0
subword:filippiin	1	1	1.0
subword:uzmi	1	17	17.0
subword:uzmii	1	17	17.0
subword:uzmiin	1	17	17.0
subword:abi	2	2	1.0
subword:abil	1	1	1.0
subword:abily	1	1	1.0
subword:##pye	2	6	3.0
subword:##pyer	2	6	3.0
subword:##pyern	2	6	3.0
subword:pye	6	39	6.5
subword:pyet	4	33	8.25
subword:pyetr	4	33	8.25
subword:##eff	1	1	1.0
subword:yeff	1	1	1.0
subword:##etf	1	2	2.0
subword:##yetf	1	2	2.0
subword:byetf	1	2	2.0
subword:abilye	1	1	1.0
subword:abilyen	1	1	1.0
subword:abilyeni	1	1	1.0
subword:abilyenii	1	1	1.0
subword:uch	5	95	19.0
subword:uchi	2	89	44.5
subword:uchir	2	89	44.5
subword:uchr	3	6	2.0
subword:ve	1	70	70.0
subword:sh	91	254	2.791208791208791
subword:##po	1	2	2.0
subword:##pol	1	2	2.0
subword:ro	1	1	1.0
subword:rom	1	1	1.0
subword:romy	1	1	1.0
subword:romyn	1	1	1.0
subword:ru	1	1	1.0
subword:ruf	1	1	1.0
subword:##lf	1	1	1.0
subword:alf	1	1	1.0
subword:##op	1	1	1.0
subword:##ip	1	1	1.0
subword:##lip	1	1	1.0
subword:##ilip	1	1	1.0
subword:filip	2	2	1.0
subword:##eop	1	1	1.0
subword:##yeop	1	1	1.0
subword:##lyeop	1	1	1.0
subword:klyeop	1	1	1.0
subword:pi	5	16	3.2
subword:pil	3	14	4.666666666666667
subword:pii	2	2	1.0
subword:piim	1	1	1.0
subword:piime	1	1	1.0
subword:piimee	1	1	1.0
subword:piimees	1	1	1.0
subword:eze	15	86	5.733333333333333
subword:ezen	8	77	9.625
subword:ezem	7	9	1.2857142857142858
subword:ezemd	4	6	1.5
subword:ezems	3	3	1.0
subword:ezemsh	3	3	1.0
subword:ezemshi	3	3	1.0
subword:ezemshij	1	1	1.0
subword:ezemshih	1	1	1.0
subword:ezemshil	1	1	1.0
subword:##aptism	2	16	8.0
subword:baptism	2	16	8.0
subword:##akov	2	17	8.5
subword:iakov	2	17	8.5
subword:##apyern	2	6	3.0
subword:kapyern	2	6	3.0
subword:kapyerna	2	6	3.0
subword:kapyernau	2	6	3.0
subword:kapyernaum	2	6	3.0
subword:alfa	1	1	1.0
subword:alfai	1	1	1.0
subword:alfain	1	1	1.0
subword:fa	5	35	7.0
subword:far	4	34	8.5
subword:fari	4	34	8.5
subword:faris	4	34	8.5
subword:farisa	4	34	8.5
subword:farisai	4	34	8.5
subword:farisaich	3	27	9.0
subword:farisaichu	3	27	9.0
subword:farisaichuu	3	27	9.0
subword:farisaichuud	3	27	9.0
subword:farisaichuudy	1	8	8.0
subword:farisaichuudyn	1	8	8.0
subword:##apol	1	2	2.0
subword:##kapol	1	2	2.0
subword:##ekapol	1	2	2.0
subword:##yekapol	1	2	2.0
subword:dyekapol	1	2	2.0
subword:iakovyn	1	5	5.0
subword:yeffa	1	1	1.0
subword:yeffat	1	1	1.0
subword:yeffata	1	1	1.0
subword:baptismyg	1	3	3.0
subword:byetfa	1	2	2.0
subword:byetfag	1	2	2.0
subword:alba	3	3	1.0
subword:albad	2	2	1.0
subword:alban	1	1	1.0
subword:abra	3	6	2.0
subword:abrah	3	6	2.0
subword:abraha	3	6	2.0
subword:abraham	3	6	2.0
subword:abrahamy	1	3	3.0
subword:abrahamyn	1	3	3.0
subword:va	2	2	1.0
subword:vaa	2	2	1.0
subword:vaar	2	2	1.0
subword:vaart	1	1	1.0
subword:vaarta	1	1	1.0
subword:vaartai	1	1	1.0
subword:pila	3	14	4.666666666666667
subword:pilat	3	14	4.666666666666667
subword:albada	2	2	1.0
subword:albadav	1	1	1.0
subword:albadan	1	1	1.0
subword:abia	1	1	1.0
subword:abiag	1	1	1.0
subword:abiagi	1	1	1.0
subword:abiagii	1	1	1.0
subword:abiagiin	1	1	1.0
subword:##af	1	1	1.0
subword:##iaf	1	1	1.0
subword:##aiaf	1	1	1.0
subword:kaiaf	1	1	1.0
subword:ku	2	3	1.5
subword:kum	1	1	1.0
subword:ko	3	18	6.0
subword:kod	1	1	1.0
subword:kodr	1	1	1.0
subword:kur	1	2	2.0
subword:kury	1	2	2.0
subword:kurye	1	2	2.0
subword:kuryen	1	2	2.0
subword:kuryeni	1	2	2.0
subword:kuryenii	1	2	2.0
subword:kodra	1	1	1.0
subword:kodran	1	1	1.0
subword:kodrant	1	1	1.0
subword:avba	1	1	1.0
subword:avbal	1	1	1.0
subword:ezg	2	4	2.0
subword:ezgu	2	4	2.0
subword:ezgui	2	4	2.0
subword:ezl	2	2	1.0
subword:ezn	2	3	1.5
subword:ezni	2	3	1.5
subword:eznii	2	3	1.5
subword:ezniih	1	2	2.0
subword:ezniig	1	1	1.0
subword:ezle	2	2	1.0
subword:ezleh	1	1	1.0
subword:ezleg	1	1	1.0
subword:ezlegd	1	1	1.0
subword:ezlegds	1	1	1.0
subword:ezlehi	1	1	1.0
subword:ezlehii	1	1	1.0
